loading ...
  312,470 crashes on numbered roads | 4,967 distinct roads
  1,027 roads with >= 60 crashes -> 244,269 crashes covered

computing chainage per road ...
  100/1027 roads
  200/1027 roads
  300/1027 roads
  400/1027 roads
  500/1027 roads
  600/1027 roads
  700/1027 roads
  800/1027 roads
  900/1027 roads
  1000/1027 roads
  55,056 road segments of 500m
  45,014 segments carry crashes in 2019-2021

training segment model (Poisson) ...

====================================================================================
VALIDATION -- held-out road segments, predicting 2022-2023 KSI
====================================================================================
score                         top 1%    top 5%   top 10%   top 20%
blackspot score (model)        8.02%    23.02%    34.93%    50.40%
past crash count               7.39%    22.91%    34.45%    49.35%
past KSI count                 6.64%    18.33%    26.88%    38.32%

====================================================================================
TOP 20 BLACKSPOT SEGMENTS
====================================================================================
 rank                location    lat    lon  blackspot_score  n_crashes  n_ksi  speed_max  future_ksi
    1  A23 km 0.5-1.0 (seg 3) 51.461 -0.116            9.666         60     10       30.0        13.0
    2        A3220 km 6.0-6.5 51.484 -0.178            9.139         60     10       30.0        11.0
    3   A3 km 0.5-1.0 (seg 2) 51.464 -0.132            8.624         87     14       30.0        10.0
    4        A1202 km 0.0-0.5 51.525 -0.081            8.056         61     18       40.0         8.0
    5        A24 km 39.0-39.5 51.428 -0.168            7.607         63     11       30.0         5.0
    6          A11 km 3.5-4.0 51.528 -0.023            7.529         70     10       40.0         8.0
    7        A24 km 39.5-40.0 51.432 -0.164            7.370         61     12       30.0        12.0
    8         A215 km 0.0-0.5 51.482 -0.094            7.284         62     10       30.0         7.0
    9          A11 km 2.5-3.0 51.525 -0.035            7.279         61     12       40.0         7.0
   10  A23 km 1.0-1.5 (seg 3) 51.464 -0.115            7.244         53     10       30.0         9.0
   11  A23 km 3.0-3.5 (seg 6) 50.832 -0.136            7.234         29      2       30.0         9.0
   12          A10 km 2.0-2.5 51.584 -0.072            7.185         50      7       40.0        10.0
   13  A40 km 0.5-1.0 (seg 1) 51.515 -0.144            7.002         29     12       40.0        10.0
   14   A3 km 0.5-1.0 (seg 4) 51.472 -0.123            6.957         57     15       50.0         6.0
   15          A13 km 0.5-1.0 51.515 -0.061            6.767         58      4       30.0         3.0
   16  A23 km 0.0-0.5 (seg 5) 50.821 -0.137            6.727         28     10       30.0         7.0
   17         A653 km 6.5-7.0 53.774 -1.547            6.701         16      3       40.0        10.0
   18 A503 km 2.5-3.0 (seg 3) 51.564 -0.106            6.631         62     10       30.0         5.0
   19  A10 km 0.5-1.0 (seg 5) 51.526 -0.078            6.616         34      5       30.0         9.0
   20         A400 km 6.5-7.0 51.515 -0.129            6.615         35      8       40.0         6.0

worst segment on each of the 10 busiest roads:
                location    lat    lon  blackspot_score  n_crashes  n_ksi  future_ksi
  A23 km 0.5-1.0 (seg 3) 51.461 -0.116            9.666         60     10        13.0
   A3 km 0.5-1.0 (seg 2) 51.464 -0.132            8.624         87     14        10.0
  A40 km 0.5-1.0 (seg 1) 51.515 -0.144            7.002         29     12        10.0
   A2 km 1.0-1.5 (seg 3) 51.474 -0.043            6.264         45      7         7.0
           A4 km 2.5-3.0 51.509 -0.132            6.068         32      6         8.0
   A5 km 1.0-1.5 (seg 1) 51.541 -0.197            5.564         50      6         7.0
           A1 km 4.5-5.0 51.551 -0.110            4.361         38      4         6.0
 A41 km 1.5-2.0 (seg 10) 51.524 -0.160            3.816         38      4         5.0
  A38 km 5.5-6.0 (seg 6) 51.461 -2.591            2.798         18      1         5.0
M25 km 60.0-60.5 (seg 2) 51.681 -0.003            1.333          6      2         3.0

Saved: road_segments_ranked.csv, road_segments_top500.json, road_segments_meta.json
